---
source: crates/uitest/tests/ty.rs
expression: diags
input_file: crates/uitest/fixtures/ty/dependent_ty/dependent_ty_expected.fe
---
error[3-0012]: expected dependent type
  ┌─ dependent_ty_expected.fe:4:11
  │
4 │ fn foo(x: Foo<u32>) {}
  │           ^^^^^^^^ expected dependent type of `u256` here


